../Core/Src/main.c:155:6:SaveReflowParameters	0	static
../Core/Src/main.c:160:6:HAL_UART_RxCpltCallback	8	static
../Core/Src/main.c:166:6:NEXTION_SendString	64	static
../Core/Src/main.c:175:6:NEXTION_SendFloat	72	static
../Core/Src/main.c:182:6:NEXTION_SendFloat_CurrentTemp	72	static
../Core/Src/main.c:190:6:NEXTION_SenduInt	64	static
../Core/Src/main.c:198:6:NEXTION_CMD	16	static
../Core/Src/main.c:204:6:UpdatePage	8	static
../Core/Src/main.c:214:6:NextionDrawDot	64	static
../Core/Src/main.c:223:6:NextionDrawTemp	64	static
../Core/Src/main.c:231:11:HandleKeyPad	32	static
../Core/Src/main.c:261:6:Update_Page_3	16	static
../Core/Src/main.c:277:6:Update_Page_0	32	static
../Core/Src/main.c:316:6:Update_Page_2	16	static
../Core/Src/main.c:772:6:HAL_TIM_PeriodElapsedCallback	48	static
../Core/Src/main.c:842:6:calculateReflowCurve	48	static
../Core/Src/main.c:897:6:Draw_Reflow_Curve	24	static
../Core/Src/main.c:915:6:startReflow	8	static
../Core/Src/main.c:924:6:stopReflow	8	static
../Core/Src/main.c:329:6:HandleGui	32	static
../Core/Src/main.c:935:6:beepBeep	0	static
../Core/Src/main.c:1083:6:SystemClock_Config	72	static,ignoring_inline_asm
../Core/Src/main.c:955:5:main	88	static,ignoring_inline_asm
../Core/Src/main.c:1342:6:Error_Handler	0	static,ignoring_inline_asm
