../Core/Inc/arm_math.h:4795:29:arm_pid_f32	32	static
../Core/Src/main.c:155:6:SaveReflowParameters	8	static
../Core/Src/main.c:160:6:HAL_UART_RxCpltCallback	16	static
../Core/Src/main.c:166:6:NEXTION_SendString	72	static
../Core/Src/main.c:175:6:NEXTION_SendFloat	80	static
../Core/Src/main.c:182:6:NEXTION_SendFloat_CurrentTemp	80	static
../Core/Src/main.c:190:6:NEXTION_SenduInt	72	static
../Core/Src/main.c:198:6:NEXTION_CMD	16	static
../Core/Src/main.c:204:6:UpdatePage	8	static
../Core/Src/main.c:214:6:NextionDrawDot	72	static
../Core/Src/main.c:223:6:NextionDrawTemp	72	static
../Core/Src/main.c:231:11:HandleKeyPad	16	static
../Core/Src/main.c:261:6:Update_Page_3	24	static
../Core/Src/main.c:277:6:Update_Page_0	48	static
../Core/Src/main.c:316:6:Update_Page_2	24	static
../Core/Src/main.c:329:6:HandleGui	152	static
../Core/Src/main.c:772:6:HAL_TIM_PeriodElapsedCallback	24	static
../Core/Src/main.c:842:6:calculateReflowCurve	48	static
../Core/Src/main.c:897:6:Draw_Reflow_Curve	40	static
../Core/Src/main.c:915:6:startReflow	8	static
../Core/Src/main.c:924:6:stopReflow	8	static
../Core/Src/main.c:935:6:beepBeep	8	static
../Core/Src/main.c:955:5:main	8	static
../Core/Src/main.c:1083:6:SystemClock_Config	72	static
../Core/Src/main.c:1122:13:MX_SPI1_Init	8	static
../Core/Src/main.c:1160:13:MX_TIM1_Init	80	static
../Core/Src/main.c:1225:13:MX_TIM4_Init	32	static
../Core/Src/main.c:1270:13:MX_USART1_UART_Init	8	static
../Core/Src/main.c:1303:13:MX_GPIO_Init	32	static
../Core/Src/main.c:1342:6:Error_Handler	4	static,ignoring_inline_asm
